// Jest Snapshot v1, https://goo.gl/fbAQLP

exports[`<Container /> renders with correct styles 1`] = `
.emotion-0 {
  width: 100%;
  margin-left: auto;
  margin-right: auto;
  padding-left: 16px;
  padding-right: 16px;
}

<Container>
  <Box
    blacklist={
      Array [
        "m",
        "mt",
        "mr",
        "mb",
        "ml",
        "mx",
        "my",
        "p",
        "pt",
        "pr",
        "pb",
        "pl",
        "px",
        "py",
        "width",
        "fontSize",
        "color",
        "bg",
        "fontFamily",
        "textAlign",
        "lineHeight",
        "fontWeight",
        "fontStyle",
        "letterSpacing",
        "display",
        "maxWidth",
        "minWidth",
        "height",
        "maxHeight",
        "minHeight",
        "size",
        "ratio",
        "verticalAlign",
        "alignItems",
        "alignContent",
        "justifyItems",
        "justifyContent",
        "flexWrap",
        "flexBasis",
        "flexDirection",
        "flex",
        "justifySelf",
        "alignSelf",
        "order",
        "gridGap",
        "gridColumnGap",
        "gridRowGap",
        "gridColumn",
        "gridRow",
        "gridAutoFlow",
        "gridAutoColumns",
        "gridAutoRows",
        "gridTemplateColumns",
        "gridTemplateRows",
        "gridTemplateAreas",
        "gridArea",
        "border",
        "borderTop",
        "borderRight",
        "borderBottom",
        "borderLeft",
        "borderColor",
        "borderRadius",
        "boxShadow",
        "opacity",
        "overflow",
        "background",
        "backgroundImage",
        "backgroundPosition",
        "backgroundRepeat",
        "backgroundSize",
        "position",
        "zIndex",
        "top",
        "right",
        "bottom",
        "left",
        "textStyle",
        "colors",
        "variant",
        "theme",
      ]
    }
    css={
      Object {
        "map": "/*# sourceMappingURL=data:application/json;charset=utf-8;base64,eyJ2ZXJzaW9uIjozLCJzb3VyY2VzIjpbIkdyaWQuanMiXSwibmFtZXMiOltdLCJtYXBwaW5ncyI6IkFBb0JtQiIsImZpbGUiOiJHcmlkLmpzIiwic291cmNlc0NvbnRlbnQiOlsiaW1wb3J0IFJlYWN0IGZyb20gJ3JlYWN0JztcbmltcG9ydCBQcm9wVHlwZXMgZnJvbSAncHJvcC10eXBlcyc7XG5pbXBvcnQgeyBjc3MgfSBmcm9tICdAZW1vdGlvbi9jb3JlJztcbmltcG9ydCBmYWNlcGFpbnQgZnJvbSAnZmFjZXBhaW50JztcbmltcG9ydCBCb3ggZnJvbSAnLi9Cb3gnO1xuaW1wb3J0IEZsZXggZnJvbSAnLi9GbGV4JztcbmltcG9ydCB0aGVtZSBmcm9tICcuLi8uLi91dGlscy90aGVtZSc7XG5cbmNvbnN0IHByb3BUeXBlcyA9IHtcbiAgZmx1aWQ6IFByb3BUeXBlcy5ib29sLFxufTtcblxuY29uc3QgeyBicmVha3BvaW50cywgY29udGFpbmVyV2lkdGhzIH0gPSB0aGVtZTtcbmNvbnN0IG1xID0gZmFjZXBhaW50KGJyZWFrcG9pbnRzLm1hcChicCA9PiBgQG1lZGlhIChtaW4td2lkdGg6ICR7YnB9KWApKTtcblxuY29uc3QgQ29udGFpbmVyID0gKHsgZmx1aWQsIC4uLnJlc3QgfSkgPT4gKFxuICA8Qm94XG4gICAgbXg9XCJhdXRvXCJcbiAgICBweD17M31cbiAgICB3aWR0aD1cIjEwMCVcIlxuICAgIGNzcz17IWZsdWlkICYmIGNzcyhtcSh7IG1heFdpZHRoOiBjb250YWluZXJXaWR0aHMgfSkpfVxuICAgIHsuLi5yZXN0fVxuICAvPlxuKTtcblxuQ29udGFpbmVyLnByb3BUeXBlcyA9IHByb3BUeXBlcztcblxuY29uc3QgUm93ID0gcHJvcHMgPT4gKFxuICA8RmxleFxuICAgIG14PXstM31cbiAgICBhbGlnbkl0ZW1zPVwiY2VudGVyXCJcbiAgICBqdXN0aWZ5Q29udGVudD1cInNwYWNlLWJldHdlZW5cIlxuICAgIGZsZXhXcmFwPVwid3JhcFwiXG4gICAgey4uLnByb3BzfVxuICAvPlxuKTtcblxuY29uc3QgQ29sID0gcHJvcHMgPT4gKFxuICA8Qm94IHB4PXszfSB3aWR0aD1cIjEwMCVcIiBjc3M9e3sgbWluSGVpZ2h0OiAxIH19IHsuLi5wcm9wc30gLz5cbik7XG5cbmV4cG9ydCB7IENvbCwgQ29udGFpbmVyLCBSb3cgfTtcbiJdfQ== */",
        "name": "ug8nie-Container",
        "next": undefined,
        "styles": "max-width:100%;@media (min-width: 576px){max-width:540px;}@media (min-width: 768px){max-width:720px;}@media (min-width: 992px){max-width:960px;}@media (min-width: 1200px){max-width:1200px;}label:Container;",
      }
    }
    mx="auto"
    px={3}
    width="100%"
  >
    <Clean.div
      blacklist={
        Array [
          "m",
          "mt",
          "mr",
          "mb",
          "ml",
          "mx",
          "my",
          "p",
          "pt",
          "pr",
          "pb",
          "pl",
          "px",
          "py",
          "width",
          "fontSize",
          "color",
          "bg",
          "fontFamily",
          "textAlign",
          "lineHeight",
          "fontWeight",
          "fontStyle",
          "letterSpacing",
          "display",
          "maxWidth",
          "minWidth",
          "height",
          "maxHeight",
          "minHeight",
          "size",
          "ratio",
          "verticalAlign",
          "alignItems",
          "alignContent",
          "justifyItems",
          "justifyContent",
          "flexWrap",
          "flexBasis",
          "flexDirection",
          "flex",
          "justifySelf",
          "alignSelf",
          "order",
          "gridGap",
          "gridColumnGap",
          "gridRowGap",
          "gridColumn",
          "gridRow",
          "gridAutoFlow",
          "gridAutoColumns",
          "gridAutoRows",
          "gridTemplateColumns",
          "gridTemplateRows",
          "gridTemplateAreas",
          "gridArea",
          "border",
          "borderTop",
          "borderRight",
          "borderBottom",
          "borderLeft",
          "borderColor",
          "borderRadius",
          "boxShadow",
          "opacity",
          "overflow",
          "background",
          "backgroundImage",
          "backgroundPosition",
          "backgroundRepeat",
          "backgroundSize",
          "position",
          "zIndex",
          "top",
          "right",
          "bottom",
          "left",
          "textStyle",
          "colors",
          "variant",
          "theme",
        ]
      }
      className="emotion-0 emotion-1"
      css={
        Object {
          "map": "/*# sourceMappingURL=data:application/json;charset=utf-8;base64,eyJ2ZXJzaW9uIjozLCJzb3VyY2VzIjpbIkdyaWQuanMiXSwibmFtZXMiOltdLCJtYXBwaW5ncyI6IkFBb0JtQiIsImZpbGUiOiJHcmlkLmpzIiwic291cmNlc0NvbnRlbnQiOlsiaW1wb3J0IFJlYWN0IGZyb20gJ3JlYWN0JztcbmltcG9ydCBQcm9wVHlwZXMgZnJvbSAncHJvcC10eXBlcyc7XG5pbXBvcnQgeyBjc3MgfSBmcm9tICdAZW1vdGlvbi9jb3JlJztcbmltcG9ydCBmYWNlcGFpbnQgZnJvbSAnZmFjZXBhaW50JztcbmltcG9ydCBCb3ggZnJvbSAnLi9Cb3gnO1xuaW1wb3J0IEZsZXggZnJvbSAnLi9GbGV4JztcbmltcG9ydCB0aGVtZSBmcm9tICcuLi8uLi91dGlscy90aGVtZSc7XG5cbmNvbnN0IHByb3BUeXBlcyA9IHtcbiAgZmx1aWQ6IFByb3BUeXBlcy5ib29sLFxufTtcblxuY29uc3QgeyBicmVha3BvaW50cywgY29udGFpbmVyV2lkdGhzIH0gPSB0aGVtZTtcbmNvbnN0IG1xID0gZmFjZXBhaW50KGJyZWFrcG9pbnRzLm1hcChicCA9PiBgQG1lZGlhIChtaW4td2lkdGg6ICR7YnB9KWApKTtcblxuY29uc3QgQ29udGFpbmVyID0gKHsgZmx1aWQsIC4uLnJlc3QgfSkgPT4gKFxuICA8Qm94XG4gICAgbXg9XCJhdXRvXCJcbiAgICBweD17M31cbiAgICB3aWR0aD1cIjEwMCVcIlxuICAgIGNzcz17IWZsdWlkICYmIGNzcyhtcSh7IG1heFdpZHRoOiBjb250YWluZXJXaWR0aHMgfSkpfVxuICAgIHsuLi5yZXN0fVxuICAvPlxuKTtcblxuQ29udGFpbmVyLnByb3BUeXBlcyA9IHByb3BUeXBlcztcblxuY29uc3QgUm93ID0gcHJvcHMgPT4gKFxuICA8RmxleFxuICAgIG14PXstM31cbiAgICBhbGlnbkl0ZW1zPVwiY2VudGVyXCJcbiAgICBqdXN0aWZ5Q29udGVudD1cInNwYWNlLWJldHdlZW5cIlxuICAgIGZsZXhXcmFwPVwid3JhcFwiXG4gICAgey4uLnByb3BzfVxuICAvPlxuKTtcblxuY29uc3QgQ29sID0gcHJvcHMgPT4gKFxuICA8Qm94IHB4PXszfSB3aWR0aD1cIjEwMCVcIiBjc3M9e3sgbWluSGVpZ2h0OiAxIH19IHsuLi5wcm9wc30gLz5cbik7XG5cbmV4cG9ydCB7IENvbCwgQ29udGFpbmVyLCBSb3cgfTtcbiJdfQ== */",
          "name": "ug8nie-Container",
          "next": undefined,
          "styles": "max-width:100%;@media (min-width: 576px){max-width:540px;}@media (min-width: 768px){max-width:720px;}@media (min-width: 992px){max-width:960px;}@media (min-width: 1200px){max-width:1200px;}label:Container;",
        }
      }
      mx="auto"
      px={3}
      width="100%"
    >
      <div
        className="emotion-0 emotion-1"
        css={
          Object {
            "map": "/*# sourceMappingURL=data:application/json;charset=utf-8;base64,eyJ2ZXJzaW9uIjozLCJzb3VyY2VzIjpbIkdyaWQuanMiXSwibmFtZXMiOltdLCJtYXBwaW5ncyI6IkFBb0JtQiIsImZpbGUiOiJHcmlkLmpzIiwic291cmNlc0NvbnRlbnQiOlsiaW1wb3J0IFJlYWN0IGZyb20gJ3JlYWN0JztcbmltcG9ydCBQcm9wVHlwZXMgZnJvbSAncHJvcC10eXBlcyc7XG5pbXBvcnQgeyBjc3MgfSBmcm9tICdAZW1vdGlvbi9jb3JlJztcbmltcG9ydCBmYWNlcGFpbnQgZnJvbSAnZmFjZXBhaW50JztcbmltcG9ydCBCb3ggZnJvbSAnLi9Cb3gnO1xuaW1wb3J0IEZsZXggZnJvbSAnLi9GbGV4JztcbmltcG9ydCB0aGVtZSBmcm9tICcuLi8uLi91dGlscy90aGVtZSc7XG5cbmNvbnN0IHByb3BUeXBlcyA9IHtcbiAgZmx1aWQ6IFByb3BUeXBlcy5ib29sLFxufTtcblxuY29uc3QgeyBicmVha3BvaW50cywgY29udGFpbmVyV2lkdGhzIH0gPSB0aGVtZTtcbmNvbnN0IG1xID0gZmFjZXBhaW50KGJyZWFrcG9pbnRzLm1hcChicCA9PiBgQG1lZGlhIChtaW4td2lkdGg6ICR7YnB9KWApKTtcblxuY29uc3QgQ29udGFpbmVyID0gKHsgZmx1aWQsIC4uLnJlc3QgfSkgPT4gKFxuICA8Qm94XG4gICAgbXg9XCJhdXRvXCJcbiAgICBweD17M31cbiAgICB3aWR0aD1cIjEwMCVcIlxuICAgIGNzcz17IWZsdWlkICYmIGNzcyhtcSh7IG1heFdpZHRoOiBjb250YWluZXJXaWR0aHMgfSkpfVxuICAgIHsuLi5yZXN0fVxuICAvPlxuKTtcblxuQ29udGFpbmVyLnByb3BUeXBlcyA9IHByb3BUeXBlcztcblxuY29uc3QgUm93ID0gcHJvcHMgPT4gKFxuICA8RmxleFxuICAgIG14PXstM31cbiAgICBhbGlnbkl0ZW1zPVwiY2VudGVyXCJcbiAgICBqdXN0aWZ5Q29udGVudD1cInNwYWNlLWJldHdlZW5cIlxuICAgIGZsZXhXcmFwPVwid3JhcFwiXG4gICAgey4uLnByb3BzfVxuICAvPlxuKTtcblxuY29uc3QgQ29sID0gcHJvcHMgPT4gKFxuICA8Qm94IHB4PXszfSB3aWR0aD1cIjEwMCVcIiBjc3M9e3sgbWluSGVpZ2h0OiAxIH19IHsuLi5wcm9wc30gLz5cbik7XG5cbmV4cG9ydCB7IENvbCwgQ29udGFpbmVyLCBSb3cgfTtcbiJdfQ== */",
            "name": "ug8nie-Container",
            "next": undefined,
            "styles": "max-width:100%;@media (min-width: 576px){max-width:540px;}@media (min-width: 768px){max-width:720px;}@media (min-width: 992px){max-width:960px;}@media (min-width: 1200px){max-width:1200px;}label:Container;",
          }
        }
      />
    </Clean.div>
  </Box>
</Container>
`;
