// Jest Snapshot v1, https://goo.gl/fbAQLP

exports[`<Footer /> renders with correct styles 1`] = `
<Box
  bg="bgAlt"
  blacklist={
    Array [
      "m",
      "mt",
      "mr",
      "mb",
      "ml",
      "mx",
      "my",
      "p",
      "pt",
      "pr",
      "pb",
      "pl",
      "px",
      "py",
      "width",
      "fontSize",
      "color",
      "bg",
      "fontFamily",
      "textAlign",
      "lineHeight",
      "fontWeight",
      "fontStyle",
      "letterSpacing",
      "display",
      "maxWidth",
      "minWidth",
      "height",
      "maxHeight",
      "minHeight",
      "size",
      "ratio",
      "verticalAlign",
      "alignItems",
      "alignContent",
      "justifyItems",
      "justifyContent",
      "flexWrap",
      "flexBasis",
      "flexDirection",
      "flex",
      "justifySelf",
      "alignSelf",
      "order",
      "gridGap",
      "gridColumnGap",
      "gridRowGap",
      "gridColumn",
      "gridRow",
      "gridAutoFlow",
      "gridAutoColumns",
      "gridAutoRows",
      "gridTemplateColumns",
      "gridTemplateRows",
      "gridTemplateAreas",
      "gridArea",
      "border",
      "borderTop",
      "borderRight",
      "borderBottom",
      "borderLeft",
      "borderColor",
      "borderRadius",
      "boxShadow",
      "opacity",
      "overflow",
      "background",
      "backgroundImage",
      "backgroundPosition",
      "backgroundRepeat",
      "backgroundSize",
      "position",
      "zIndex",
      "top",
      "right",
      "bottom",
      "left",
      "textStyle",
      "colors",
      "variant",
      "theme",
    ]
  }
  color="white"
  is="footer"
  py={58}
>
  <Flex
    alignItems="center"
    display="flex"
    justifyContent="center"
  >
    <FooterLink
      href="https://github.com/janczizikow/"
      rel="noopener noreferrer"
      target="_blank"
    >
      <FiGithub
        size={24}
      />
    </FooterLink>
    <FooterLink
      href="https://codepen.io/hollow3d/"
      rel="noopener noreferrer"
      target="_blank"
    >
      <FiCodepen
        size={24}
      />
    </FooterLink>
    <FooterLink
      href="https://www.linkedin.com/in/janczizikow/"
      rel="noopener noreferrer"
      target="_blank"
    >
      <FiLinkedin
        size={24}
      />
    </FooterLink>
  </Flex>
</Box>
`;
